
> networld@0.1.0 start
> HOST=0.0.0.0 react-scripts start

Attempting to bind to HOST environment variable: 0.0.0.0
If this was unintentional, check that you haven't mistakenly set it in your shell.
Learn more here: https://cra.link/advanced-config

Browserslist: browsers data (caniuse-lite) is 12 months old. Please run:
  npx update-browserslist-db@latest
  Why you should do it regularly: https://github.com/browserslist/update-db#readme
(node:89870) [DEP_WEBPACK_DEV_SERVER_ON_AFTER_SETUP_MIDDLEWARE] DeprecationWarning: 'onAfterSetupMiddleware' option is deprecated. Please use the 'setupMiddlewares' option.
(Use `node --trace-deprecation ...` to show where the warning was created)
(node:89870) [DEP_WEBPACK_DEV_SERVER_ON_BEFORE_SETUP_MIDDLEWARE] DeprecationWarning: 'onBeforeSetupMiddleware' option is deprecated. Please use the 'setupMiddlewares' option.
Starting the development server...

Compiled with warnings.

[eslint] 
src/components/Login.jsx
  Line 85:13:  The href attribute is required for an anchor to be keyboard accessible. Provide a valid, navigable address as the href value. If you cannot provide an href, but still need the element to resemble a link, use a button and change it with appropriate styles. Learn more: https://github.com/jsx-eslint/eslint-plugin-jsx-a11y/blob/HEAD/docs/rules/anchor-is-valid.md  jsx-a11y/anchor-is-valid

src/components/Register.jsx
  Line 156:13:  The href attribute is required for an anchor to be keyboard accessible. Provide a valid, navigable address as the href value. If you cannot provide an href, but still need the element to resemble a link, use a button and change it with appropriate styles. Learn more: https://github.com/jsx-eslint/eslint-plugin-jsx-a11y/blob/HEAD/docs/rules/anchor-is-valid.md  jsx-a11y/anchor-is-valid

src/components/UserProfile.jsx
  Line 2:69:   'Spin' is defined but never used                   no-unused-vars
  Line 6:5:    'BellOutlined' is defined but never used           no-unused-vars
  Line 10:10:  'http' is defined but never used                   no-unused-vars
  Line 70:7:   'BASE' is assigned a value but never used          no-unused-vars
  Line 115:7:  'PersonRow' is assigned a value but never used     no-unused-vars
  Line 143:7:  'ActionBtn' is assigned a value but never used     no-unused-vars
  Line 158:7:  'EmptyState' is assigned a value but never used    no-unused-vars
  Line 165:7:  'SectionLabel' is assigned a value but never used  no-unused-vars

src/components/contacts/ContactDetailPage.jsx
  Line 37:6:  React Hook useEffect has missing dependencies: 'contact' and 'decodedEmail'. Either include them or remove the dependency array  react-hooks/exhaustive-deps

src/components/contacts/ContactsPage.jsx
  Line 101:6:  React Hook useEffect has missing dependencies: 'pageSize' and 'searchText'. Either include them or remove the dependency array  react-hooks/exhaustive-deps

src/components/shared/ContactProfile.jsx
  Line 9:10:  'relations' is assigned a value but never used  no-unused-vars

Search for the keywords to learn more about each warning.
To ignore, add // eslint-disable-next-line to the line before.

WARNING in [eslint] 
src/components/Login.jsx
  Line 85:13:  The href attribute is required for an anchor to be keyboard accessible. Provide a valid, navigable address as the href value. If you cannot provide an href, but still need the element to resemble a link, use a button and change it with appropriate styles. Learn more: https://github.com/jsx-eslint/eslint-plugin-jsx-a11y/blob/HEAD/docs/rules/anchor-is-valid.md  jsx-a11y/anchor-is-valid

src/components/Register.jsx
  Line 156:13:  The href attribute is required for an anchor to be keyboard accessible. Provide a valid, navigable address as the href value. If you cannot provide an href, but still need the element to resemble a link, use a button and change it with appropriate styles. Learn more: https://github.com/jsx-eslint/eslint-plugin-jsx-a11y/blob/HEAD/docs/rules/anchor-is-valid.md  jsx-a11y/anchor-is-valid

src/components/UserProfile.jsx
  Line 2:69:   'Spin' is defined but never used                   no-unused-vars
  Line 6:5:    'BellOutlined' is defined but never used           no-unused-vars
  Line 10:10:  'http' is defined but never used                   no-unused-vars
  Line 70:7:   'BASE' is assigned a value but never used          no-unused-vars
  Line 115:7:  'PersonRow' is assigned a value but never used     no-unused-vars
  Line 143:7:  'ActionBtn' is assigned a value but never used     no-unused-vars
  Line 158:7:  'EmptyState' is assigned a value but never used    no-unused-vars
  Line 165:7:  'SectionLabel' is assigned a value but never used  no-unused-vars

src/components/contacts/ContactDetailPage.jsx
  Line 37:6:  React Hook useEffect has missing dependencies: 'contact' and 'decodedEmail'. Either include them or remove the dependency array  react-hooks/exhaustive-deps

src/components/contacts/ContactsPage.jsx
  Line 101:6:  React Hook useEffect has missing dependencies: 'pageSize' and 'searchText'. Either include them or remove the dependency array  react-hooks/exhaustive-deps

src/components/shared/ContactProfile.jsx
  Line 9:10:  'relations' is assigned a value but never used  no-unused-vars

webpack compiled with 1 warning
